2026-08-02T11:23:53.338Z координатор МИССИЯ ЗАПУЩЕНА
2026-08-02T11:23:53.339Z координатор дрон: 192.168.1.37, ровер: 192.168.1.185
2026-08-02T11:23:53.339Z координатор точки поиска: A1=(0.4, 4.425), E2=(1.205, 1.205)
2026-08-02T11:23:53.339Z координатор файл лога: /home/workerfit/PycharmProjects/BST_a26_st3/logs/mission_20260802_182353.log
2026-08-02T11:23:53.339Z координатор ФАЗА 1: ДРОН: ПОИСК ОБЪЕКТА + ПОСАДКА НА РОВЕР
2026-08-02T11:23:53.339Z координатор подключение к дрону 192.168.1.37...
2026-08-02T11:23:54.139Z координатор SSH-соединение с дроном установлено
2026-08-02T11:23:54.139Z координатор загрузка модели 5.2 МБ → дрон...
2026-08-02T11:23:54.766Z координатор модель загружена на дрон
2026-08-02T11:23:54.766Z координатор загрузка скрипта (21103 байт) на дрон...
2026-08-02T11:23:54.829Z координатор скрипт загружен
2026-08-02T11:23:54.829Z координатор установка параметров ArUco на дроне...
2026-08-02T11:23:56.000Z координатор ЗАПУСК БОРТОВОГО СКРИПТА ДРОНА
2026-08-02T11:23:56.000Z координатор ФАЗА 1: ПОИСК ОБЪЕКТА + ПОСАДКА НА РОВЕР
2026-08-02T11:25:15.821Z координатор ФАЗА 1 ЗАВЕРШЕНА
2026-08-02T11:25:16.148Z координатор файл скачан: cheburashka_detected.jpg
2026-08-02T11:25:16.258Z координатор файл скачан: vlm_result.json
2026-08-02T11:25:16.292Z координатор результат дрона: найдено=True, точка=(1.205, 1.205), посадка=FAIL
2026-08-02T11:25:16.292Z координатор миссия дрона завершена, время: 83 сек
2026-08-02T11:25:16.293Z координатор ФАЗА 1 ЗАВЕРШЕНА
2026-08-02T11:25:16.293Z координатор объект найден у точки E2 (1.205, 1.205)
2026-08-02T11:25:16.293Z координатор цель ровера: клетка (5, 2)
2026-08-02T11:25:16.293Z координатор посадка дрона: FAIL
2026-08-02T11:25:16.293Z дрон устойчивая_детекция id=1 доверие=0.98 кадров=1 точка=E2
2026-08-02T11:25:16.294Z дрон отправка_координат id=2 точка_цели=E2=(1.205, 1.205)
2026-08-02T11:25:16.294Z координатор ФАЗА 2: ОЖИДАНИЕ ПОСЛЕ ПОСАДКИ ДРОНА
2026-08-02T11:25:16.294Z координатор пауза 15 сек после посадки...
2026-08-02T11:25:31.309Z координатор пауза завершена
2026-08-02T11:25:31.310Z координатор ФАЗА 2 ЗАВЕРШЕНА
2026-08-02T11:25:31.310Z координатор ФАЗА 3: РОВЕР: ДВИЖЕНИЕ К ЦЕЛИ + ПОИСК ФИНИША
2026-08-02T11:25:31.310Z ровер приём_координат id=3 целевая_клетка=(5, 2)
2026-08-02T11:25:31.310Z ровер команда_движения id=4 клетка=(5, 2)
2026-08-02T11:25:31.310Z ровер старт_миссии id=5 цель=(5,2)
2026-08-02T11:25:35.060Z ровер SSH подключено: pi@192.168.1.185
2026-08-02T11:25:35.060Z ровер стартовый маршрут: initial-cell (6,1)
2026-08-02T11:25:35.061Z ровер SSH: source "/home/pi/sverk_rover/install/setup.zsh" && python3 "/home/pi/sverk_rover/tools/rover_control_client.py" --url "h...
2026-08-02T11:26:24.159Z ровер СЦЕНАРИЙ А: чепуха (5, 2)
2026-08-02T11:26:24.159Z ровер SSH: python3 "/home/pi/sverk_rover/tools/rover_control_client.py" --url "http://192.168.1.185:8767" goal-cell 6 2 --yaw 270 -...
2026-08-02T11:26:58.685Z ровер цикл фотографирования 1/2
2026-08-02T11:26:58.685Z ровер разворот 1/5: клетка=(5,2) yaw=0°
2026-08-02T11:26:58.685Z ровер SSH: source "/home/pi/sverk_rover/install/setup.zsh" && python3 "/home/pi/sverk_rover/tools/rover_control_client.py" --url "h...
2026-08-02T11:27:10.955Z ровер [PHOTO] попытка 1/5 не удалась: HTTP Error 503: Service Unavailable
2026-08-02T11:27:38.502Z ровер фото сохранено: gemm_rover_photo.jpg (95638 байт)
2026-08-02T11:27:38.502Z ровер VLM-анализ gemm_rover_photo.jpg...
2026-08-02T11:27:39.434Z ровер VLM ответ: ```json
{"finish_point": false, "coordinate": null}
```
2026-08-02T11:27:39.434Z ровер разворот 2/5: клетка=(5,2) yaw=315°
2026-08-02T11:27:39.435Z ровер SSH: source "/home/pi/sverk_rover/install/setup.zsh" && python3 "/home/pi/sverk_rover/tools/rover_control_client.py" --url "h...
2026-08-02T11:27:56.830Z ровер фото сохранено: gemm_rover_photo.jpg (85138 байт)
2026-08-02T11:27:56.830Z ровер VLM-анализ gemm_rover_photo.jpg...
2026-08-02T11:27:57.380Z ровер VLM ответ: ```json
{"finish_point": false, "coordinate": null}
```
2026-08-02T11:27:57.381Z ровер разворот 3/5: клетка=(5,2) yaw=270°
2026-08-02T11:27:57.381Z ровер SSH: source "/home/pi/sverk_rover/install/setup.zsh" && python3 "/home/pi/sverk_rover/tools/rover_control_client.py" --url "h...
2026-08-02T11:28:13.460Z ровер фото сохранено: gemm_rover_photo.jpg (91407 байт)
2026-08-02T11:28:13.460Z ровер VLM-анализ gemm_rover_photo.jpg...
2026-08-02T11:28:14.755Z ровер VLM ответ: ```json
{"finish_point": false, "coordinate": null}
```
2026-08-02T11:28:14.755Z ровер разворот 4/5: клетка=(5,2) yaw=225°
2026-08-02T11:28:14.756Z ровер SSH: source "/home/pi/sverk_rover/install/setup.zsh" && python3 "/home/pi/sverk_rover/tools/rover_control_client.py" --url "h...
2026-08-02T11:28:33.491Z ровер фото сохранено: gemm_rover_photo.jpg (86785 байт)
2026-08-02T11:28:33.491Z ровер VLM-анализ gemm_rover_photo.jpg...
2026-08-02T11:28:34.121Z ровер VLM ответ: ```json
{"finish_point": false, "coordinate": null}
```
2026-08-02T11:28:34.121Z ровер разворот 5/5: клетка=(5,2) yaw=180°
2026-08-02T11:28:34.122Z ровер SSH: source "/home/pi/sverk_rover/install/setup.zsh" && python3 "/home/pi/sverk_rover/tools/rover_control_client.py" --url "h...
2026-08-02T11:28:46.316Z ровер фото сохранено: gemm_rover_photo.jpg (90600 байт)
2026-08-02T11:28:46.316Z ровер VLM-анализ gemm_rover_photo.jpg...
2026-08-02T11:28:47.420Z ровер VLM ответ: ```json
{"finish_point": false, "coordinate": null}
```
2026-08-02T11:28:47.420Z ровер цикл фотографирования 2/2
2026-08-02T11:28:47.420Z ровер разворот 1/5: клетка=(5,2) yaw=0°
2026-08-02T11:28:47.420Z ровер SSH: source "/home/pi/sverk_rover/install/setup.zsh" && python3 "/home/pi/sverk_rover/tools/rover_control_client.py" --url "h...
2026-08-02T11:29:14.529Z ровер [PHOTO] попытка 1/5 не удалась: timed out
2026-08-02T11:29:28.046Z ровер [PHOTO] попытка 2/5 не удалась: timed out
2026-08-02T11:29:40.424Z ровер [PHOTO] попытка 3/5 не удалась: timed out
2026-08-02T11:29:56.924Z ровер [PHOTO] попытка 4/5 не удалась: timed out
2026-08-02T11:30:14.693Z ровер фото сохранено: gemm_rover_photo.jpg (95550 байт)
2026-08-02T11:30:14.694Z ровер VLM-анализ gemm_rover_photo.jpg...
2026-08-02T11:30:15.382Z ровер VLM ответ: ```json
{"finish_point": false, "coordinate": null}
```
2026-08-02T11:30:15.383Z ровер разворот 2/5: клетка=(5,2) yaw=315°
2026-08-02T11:30:15.383Z ровер SSH: source "/home/pi/sverk_rover/install/setup.zsh" && python3 "/home/pi/sverk_rover/tools/rover_control_client.py" --url "h...
2026-08-02T11:30:26.050Z ровер фото сохранено: gemm_rover_photo.jpg (85365 байт)
2026-08-02T11:30:26.050Z ровер VLM-анализ gemm_rover_photo.jpg...
2026-08-02T11:30:26.750Z ровер VLM ответ: ```json
{"finish_point": false, "coordinate": null}
```
2026-08-02T11:30:26.750Z ровер разворот 3/5: клетка=(5,2) yaw=270°
2026-08-02T11:30:26.750Z ровер SSH: source "/home/pi/sverk_rover/install/setup.zsh" && python3 "/home/pi/sverk_rover/tools/rover_control_client.py" --url "h...
2026-08-02T11:30:37.466Z ровер фото сохранено: gemm_rover_photo.jpg (91387 байт)
2026-08-02T11:30:37.466Z ровер VLM-анализ gemm_rover_photo.jpg...
2026-08-02T11:30:38.026Z ровер VLM ответ: ```json
{"finish_point": true, "coordinate": "E6"}
```
2026-08-02T11:30:38.026Z ровер vlm_нашёл_координату id=6 координата=E6 клетка=(5, 6)
2026-08-02T11:30:38.026Z ровер LED зелёный (распознавание финиша)
2026-08-02T11:30:41.492Z ровер SSH: python3 "/home/pi/sverk_rover/tools/rover_control_client.py" --url "http://192.168.1.185:8767" goal-cell 5 2 --yaw 90 --...
2026-08-02T11:32:38.500Z ровер прибытие id=7 клетка=(5, 6)
2026-08-02T11:32:38.501Z ровер SSH: python3 "/home/pi/sverk_rover/tools/rover_control_client.py" --url "http://192.168.1.185:8767" goal-cell 5 6 --yaw 0 --r...
2026-08-02T11:32:41.084Z ровер SSH закрыто
2026-08-02T11:32:41.084Z координатор ФАЗА 3 ЗАВЕРШЕНА
2026-08-02T11:32:41.085Z координатор ровер: финиш=найден
2026-08-02T11:32:41.085Z координатор финишная клетка: (5, 6)
2026-08-02T11:32:41.085Z координатор МИССИЯ ЗАВЕРШЕНА общее_время_сек=527.7 всего_событий=7
