2026-08-02T11:47:10.202Z координатор МИССИЯ ЗАПУЩЕНА
2026-08-02T11:47:10.202Z координатор дрон: 192.168.1.37, ровер: 192.168.1.185
2026-08-02T11:47:10.202Z координатор точки поиска: A1=(0.4, 4.425), E2=(1.205, 1.205)
2026-08-02T11:47:10.202Z координатор файл лога: /home/workerfit/PycharmProjects/BST_a26_st3/logs/mission_20260802_184710.log
2026-08-02T11:47:10.203Z координатор ФАЗА 1: ДРОН: ПОИСК ОБЪЕКТА + ПОСАДКА НА РОВЕР
2026-08-02T11:47:10.203Z координатор подключение к дрону 192.168.1.37...
2026-08-02T11:47:10.794Z координатор SSH-соединение с дроном установлено
2026-08-02T11:47:10.794Z координатор загрузка модели 5.2 МБ → дрон...
2026-08-02T11:47:11.342Z координатор модель загружена на дрон
2026-08-02T11:47:11.342Z координатор загрузка скрипта (21103 байт) на дрон...
2026-08-02T11:47:11.393Z координатор скрипт загружен
2026-08-02T11:47:11.393Z координатор установка параметров ArUco на дроне...
2026-08-02T11:47:12.457Z координатор ЗАПУСК БОРТОВОГО СКРИПТА ДРОНА
2026-08-02T11:47:12.457Z координатор ФАЗА 1: ПОИСК ОБЪЕКТА + ПОСАДКА НА РОВЕР
2026-08-02T11:48:30.047Z координатор ФАЗА 1 ЗАВЕРШЕНА
2026-08-02T11:48:30.199Z координатор файл скачан: cheburashka_detected.jpg
2026-08-02T11:48:30.226Z координатор файл скачан: vlm_result.json
2026-08-02T11:48:30.233Z координатор результат дрона: найдено=True, точка=(1.205, 1.205), посадка=FAIL
2026-08-02T11:48:30.234Z координатор миссия дрона завершена, время: 80 сек
2026-08-02T11:48:30.234Z координатор ФАЗА 1 ЗАВЕРШЕНА
2026-08-02T11:48:30.234Z координатор объект найден у точки E2 (1.205, 1.205)
2026-08-02T11:48:30.234Z координатор цель ровера: клетка (5, 2)
2026-08-02T11:48:30.234Z координатор посадка дрона: FAIL
2026-08-02T11:48:30.235Z дрон устойчивая_детекция id=1 доверие=0.98 кадров=1 точка=E2
2026-08-02T11:48:30.235Z дрон отправка_координат id=2 точка_цели=E2=(1.205, 1.205)
2026-08-02T11:48:30.235Z координатор ФАЗА 2: ОЖИДАНИЕ ПОСЛЕ ПОСАДКИ ДРОНА
2026-08-02T11:48:30.235Z координатор пауза 15 сек после посадки...
2026-08-02T11:48:45.247Z координатор пауза завершена
2026-08-02T11:48:45.247Z координатор ФАЗА 2 ЗАВЕРШЕНА
2026-08-02T11:48:45.247Z координатор ФАЗА 3: РОВЕР: ДВИЖЕНИЕ К ЦЕЛИ + ПОИСК ФИНИША
2026-08-02T11:48:45.248Z ровер приём_координат id=3 целевая_клетка=(5, 2)
2026-08-02T11:48:45.248Z ровер команда_движения id=4 клетка=(5, 2)
2026-08-02T11:48:45.248Z ровер старт_миссии id=5 цель=(5,2)
2026-08-02T11:48:45.843Z ровер SSH подключено: pi@192.168.1.185
2026-08-02T11:48:45.843Z ровер стартовый маршрут: initial-cell (6,1)
2026-08-02T11:48:45.843Z ровер SSH: source "/home/pi/sverk_rover/install/setup.zsh" && python3 "/home/pi/sverk_rover/tools/rover_control_client.py" --url "h...
2026-08-02T11:49:18.177Z ровер СЦЕНАРИЙ А: чепуха (5, 2)
2026-08-02T11:49:18.177Z ровер SSH: python3 "/home/pi/sverk_rover/tools/rover_control_client.py" --url "http://192.168.1.185:8767" goal-cell 6 2 --yaw 270 -...
2026-08-02T11:49:35.599Z ровер цикл фотографирования 1/2
2026-08-02T11:49:35.599Z ровер разворот 1/5: клетка=(5,2) yaw=0°
2026-08-02T11:49:35.600Z ровер SSH: source "/home/pi/sverk_rover/install/setup.zsh" && python3 "/home/pi/sverk_rover/tools/rover_control_client.py" --url "h...
2026-08-02T11:49:46.107Z ровер [PHOTO] попытка 1/5 не удалась: HTTP Error 503: Service Unavailable
2026-08-02T11:49:46.637Z ровер фото сохранено: gemm_rover_photo.jpg (100449 байт)
2026-08-02T11:49:46.637Z ровер VLM-анализ gemm_rover_photo.jpg...
2026-08-02T11:49:47.882Z ровер VLM ответ: ```json
{"finish_point": false, "coordinate": null}
```
2026-08-02T11:49:47.882Z ровер разворот 2/5: клетка=(5,2) yaw=315°
2026-08-02T11:49:47.882Z ровер SSH: source "/home/pi/sverk_rover/install/setup.zsh" && python3 "/home/pi/sverk_rover/tools/rover_control_client.py" --url "h...
2026-08-02T11:49:56.977Z ровер фото сохранено: gemm_rover_photo.jpg (84981 байт)
2026-08-02T11:49:56.977Z ровер VLM-анализ gemm_rover_photo.jpg...
2026-08-02T11:49:57.677Z ровер VLM ответ: ```json
{"finish_point": false, "coordinate": null}
```
2026-08-02T11:49:57.678Z ровер разворот 3/5: клетка=(5,2) yaw=270°
2026-08-02T11:49:57.678Z ровер SSH: source "/home/pi/sverk_rover/install/setup.zsh" && python3 "/home/pi/sverk_rover/tools/rover_control_client.py" --url "h...
2026-08-02T11:50:06.775Z ровер фото сохранено: gemm_rover_photo.jpg (93262 байт)
2026-08-02T11:50:06.775Z ровер VLM-анализ gemm_rover_photo.jpg...
2026-08-02T11:50:07.434Z ровер VLM ответ: ```json
{"finish_point": true, "coordinate": "C6"}
```
2026-08-02T11:50:07.434Z ровер vlm_нашёл_координату id=6 координата=C6 клетка=(3, 6)
2026-08-02T11:50:07.434Z ровер LED зелёный (распознавание финиша)
2026-08-02T11:50:10.761Z ровер SSH: python3 "/home/pi/sverk_rover/tools/rover_control_client.py" --url "http://192.168.1.185:8767" goal-cell 5 2 --yaw 90 --...
2026-08-02T11:50:44.009Z ровер SSH закрыто
