2026-08-02T11:37:57.458Z координатор МИССИЯ ЗАПУЩЕНА
2026-08-02T11:37:57.458Z координатор дрон: 192.168.1.37, ровер: 192.168.1.185
2026-08-02T11:37:57.458Z координатор точки поиска: A1=(0.4, 4.425), E2=(1.205, 1.205)
2026-08-02T11:37:57.458Z координатор файл лога: /home/workerfit/PycharmProjects/BST_a26_st3/logs/mission_20260802_183757.log
2026-08-02T11:37:57.458Z координатор ФАЗА 1: ДРОН: ПОИСК ОБЪЕКТА + ПОСАДКА НА РОВЕР
2026-08-02T11:37:57.458Z координатор подключение к дрону 192.168.1.37...
2026-08-02T11:37:58.095Z координатор SSH-соединение с дроном установлено
2026-08-02T11:37:58.095Z координатор загрузка модели 5.2 МБ → дрон...
2026-08-02T11:37:58.545Z координатор модель загружена на дрон
2026-08-02T11:37:58.545Z координатор загрузка скрипта (21103 байт) на дрон...
2026-08-02T11:37:58.594Z координатор скрипт загружен
2026-08-02T11:37:58.595Z координатор установка параметров ArUco на дроне...
2026-08-02T11:37:59.704Z координатор ЗАПУСК БОРТОВОГО СКРИПТА ДРОНА
2026-08-02T11:37:59.704Z координатор ФАЗА 1: ПОИСК ОБЪЕКТА + ПОСАДКА НА РОВЕР
2026-08-02T11:39:18.208Z координатор ФАЗА 1 ЗАВЕРШЕНА
2026-08-02T11:39:18.353Z координатор файл скачан: cheburashka_detected.jpg
2026-08-02T11:39:18.374Z координатор файл скачан: vlm_result.json
2026-08-02T11:39:18.379Z координатор результат дрона: найдено=True, точка=(1.205, 1.205), посадка=FAIL
2026-08-02T11:39:18.380Z координатор миссия дрона завершена, время: 81 сек
2026-08-02T11:39:18.380Z координатор ФАЗА 1 ЗАВЕРШЕНА
2026-08-02T11:39:18.380Z координатор объект найден у точки E2 (1.205, 1.205)
2026-08-02T11:39:18.380Z координатор цель ровера: клетка (5, 2)
2026-08-02T11:39:18.380Z координатор посадка дрона: FAIL
2026-08-02T11:39:18.380Z дрон устойчивая_детекция id=1 доверие=0.98 кадров=1 точка=E2
2026-08-02T11:39:18.380Z дрон отправка_координат id=2 точка_цели=E2=(1.205, 1.205)
2026-08-02T11:39:18.380Z координатор ФАЗА 2: ОЖИДАНИЕ ПОСЛЕ ПОСАДКИ ДРОНА
2026-08-02T11:39:18.380Z координатор пауза 15 сек после посадки...
2026-08-02T11:39:33.395Z координатор пауза завершена
2026-08-02T11:39:33.396Z координатор ФАЗА 2 ЗАВЕРШЕНА
2026-08-02T11:39:33.396Z координатор ФАЗА 3: РОВЕР: ДВИЖЕНИЕ К ЦЕЛИ + ПОИСК ФИНИША
2026-08-02T11:39:33.396Z ровер приём_координат id=3 целевая_клетка=(5, 2)
2026-08-02T11:39:33.396Z ровер команда_движения id=4 клетка=(5, 2)
2026-08-02T11:39:33.396Z ровер старт_миссии id=5 цель=(5,2)
2026-08-02T11:39:33.904Z ровер SSH подключено: pi@192.168.1.185
2026-08-02T11:39:33.904Z ровер стартовый маршрут: initial-cell (6,1)
2026-08-02T11:39:33.904Z ровер SSH: source "/home/pi/sverk_rover/install/setup.zsh" && python3 "/home/pi/sverk_rover/tools/rover_control_client.py" --url "h...
2026-08-02T11:40:06.337Z ровер СЦЕНАРИЙ А: чепуха (5, 2)
2026-08-02T11:40:06.338Z ровер SSH: python3 "/home/pi/sverk_rover/tools/rover_control_client.py" --url "http://192.168.1.185:8767" goal-cell 6 2 --yaw 270 -...
2026-08-02T11:40:30.877Z ровер цикл фотографирования 1/2
2026-08-02T11:40:30.877Z ровер разворот 1/5: клетка=(5,2) yaw=0°
2026-08-02T11:40:30.877Z ровер SSH: source "/home/pi/sverk_rover/install/setup.zsh" && python3 "/home/pi/sverk_rover/tools/rover_control_client.py" --url "h...
2026-08-02T11:40:40.364Z ровер [PHOTO] попытка 1/5 не удалась: HTTP Error 503: Service Unavailable
2026-08-02T11:40:40.902Z ровер фото сохранено: gemm_rover_photo.jpg (94705 байт)
2026-08-02T11:40:40.902Z ровер VLM-анализ gemm_rover_photo.jpg...
2026-08-02T11:40:41.814Z ровер VLM ответ: ```json
{"finish_point": false, "coordinate": null}
```
2026-08-02T11:40:41.815Z ровер разворот 2/5: клетка=(5,2) yaw=315°
2026-08-02T11:40:41.815Z ровер SSH: source "/home/pi/sverk_rover/install/setup.zsh" && python3 "/home/pi/sverk_rover/tools/rover_control_client.py" --url "h...
2026-08-02T11:40:50.471Z ровер фото сохранено: gemm_rover_photo.jpg (85064 байт)
2026-08-02T11:40:50.471Z ровер VLM-анализ gemm_rover_photo.jpg...
2026-08-02T11:40:51.088Z ровер VLM ответ: ```json
{"finish_point": false, "coordinate": null}
```
2026-08-02T11:40:51.088Z ровер разворот 3/5: клетка=(5,2) yaw=270°
2026-08-02T11:40:51.088Z ровер SSH: source "/home/pi/sverk_rover/install/setup.zsh" && python3 "/home/pi/sverk_rover/tools/rover_control_client.py" --url "h...
2026-08-02T11:41:00.185Z ровер фото сохранено: gemm_rover_photo.jpg (90669 байт)
2026-08-02T11:41:00.186Z ровер VLM-анализ gemm_rover_photo.jpg...
2026-08-02T11:41:00.801Z ровер VLM ответ: ```json
{"finish_point": true, "coordinate": "C6"}
```
2026-08-02T11:41:00.802Z ровер vlm_нашёл_координату id=6 координата=C6 клетка=(3, 6)
2026-08-02T11:41:00.802Z ровер LED зелёный (распознавание финиша)
2026-08-02T11:41:04.090Z ровер SSH: python3 "/home/pi/sverk_rover/tools/rover_control_client.py" --url "http://192.168.1.185:8767" goal-cell 5 2 --yaw 90 --...
2026-08-02T11:42:32.696Z ровер прибытие id=7 клетка=(3, 6)
2026-08-02T11:42:32.697Z ровер SSH: python3 "/home/pi/sverk_rover/tools/rover_control_client.py" --url "http://192.168.1.185:8767" goal-cell 3 6 --yaw 0 --r...
2026-08-02T11:42:57.357Z ровер SSH закрыто
2026-08-02T11:42:57.357Z координатор ФАЗА 3 ЗАВЕРШЕНА
2026-08-02T11:42:57.357Z координатор ровер: финиш=найден
2026-08-02T11:42:57.358Z координатор финишная клетка: (3, 6)
2026-08-02T11:42:57.358Z координатор МИССИЯ ЗАВЕРШЕНА общее_время_сек=299.9 всего_событий=7
