2026-08-02T11:33:47.066Z координатор МИССИЯ ЗАПУЩЕНА
2026-08-02T11:33:47.066Z координатор дрон: 192.168.1.37, ровер: 192.168.1.185
2026-08-02T11:33:47.066Z координатор точки поиска: A1=(0.4, 4.425), E2=(1.205, 1.205)
2026-08-02T11:33:47.066Z координатор файл лога: /home/workerfit/PycharmProjects/BST_a26_st3/logs/mission_20260802_183347.log
2026-08-02T11:33:47.066Z координатор ФАЗА 1: ДРОН: ПОИСК ОБЪЕКТА + ПОСАДКА НА РОВЕР
2026-08-02T11:33:47.067Z координатор подключение к дрону 192.168.1.37...
2026-08-02T11:33:47.657Z координатор SSH-соединение с дроном установлено
2026-08-02T11:33:47.657Z координатор загрузка модели 5.2 МБ → дрон...
2026-08-02T11:33:48.177Z координатор модель загружена на дрон
2026-08-02T11:33:48.178Z координатор загрузка скрипта (21103 байт) на дрон...
2026-08-02T11:33:48.245Z координатор скрипт загружен
2026-08-02T11:33:48.246Z координатор установка параметров ArUco на дроне...
2026-08-02T11:33:49.262Z координатор ЗАПУСК БОРТОВОГО СКРИПТА ДРОНА
2026-08-02T11:33:49.263Z координатор ФАЗА 1: ПОИСК ОБЪЕКТА + ПОСАДКА НА РОВЕР
2026-08-02T11:34:51.352Z координатор ФАЗА 1 ЗАВЕРШЕНА
2026-08-02T11:34:51.637Z координатор файл скачан: cheburashka_detected.jpg
2026-08-02T11:34:51.659Z координатор файл скачан: vlm_result.json
2026-08-02T11:34:51.668Z координатор результат дрона: найдено=True, точка=(1.205, 1.205), посадка=FAIL
2026-08-02T11:34:51.669Z координатор миссия дрона завершена, время: 65 сек
2026-08-02T11:34:51.669Z координатор ФАЗА 1 ЗАВЕРШЕНА
2026-08-02T11:34:51.669Z координатор объект найден у точки E2 (1.205, 1.205)
2026-08-02T11:34:51.669Z координатор цель ровера: клетка (5, 2)
2026-08-02T11:34:51.669Z координатор посадка дрона: FAIL
2026-08-02T11:34:51.670Z дрон устойчивая_детекция id=1 доверие=0.98 кадров=1 точка=E2
2026-08-02T11:34:51.670Z дрон отправка_координат id=2 точка_цели=E2=(1.205, 1.205)
2026-08-02T11:34:51.670Z координатор ФАЗА 2: ОЖИДАНИЕ ПОСЛЕ ПОСАДКИ ДРОНА
2026-08-02T11:34:51.670Z координатор пауза 15 сек после посадки...
2026-08-02T11:35:06.671Z координатор пауза завершена
2026-08-02T11:35:06.671Z координатор ФАЗА 2 ЗАВЕРШЕНА
2026-08-02T11:35:06.672Z координатор ФАЗА 3: РОВЕР: ДВИЖЕНИЕ К ЦЕЛИ + ПОИСК ФИНИША
2026-08-02T11:35:06.672Z ровер приём_координат id=3 целевая_клетка=(5, 2)
2026-08-02T11:35:06.672Z ровер команда_движения id=4 клетка=(5, 2)
2026-08-02T11:35:06.672Z ровер старт_миссии id=5 цель=(5,2)
2026-08-02T11:35:07.119Z ровер SSH подключено: pi@192.168.1.185
2026-08-02T11:35:07.119Z ровер стартовый маршрут: initial-cell (6,1)
2026-08-02T11:35:07.119Z ровер SSH: source "/home/pi/sverk_rover/install/setup.zsh" && python3 "/home/pi/sverk_rover/tools/rover_control_client.py" --url "h...
2026-08-02T11:35:08.873Z ровер СЦЕНАРИЙ А: чепуха (5, 2)
2026-08-02T11:35:08.874Z ровер SSH: python3 "/home/pi/sverk_rover/tools/rover_control_client.py" --url "http://192.168.1.185:8767" goal-cell 6 2 --yaw 270 -...
2026-08-02T11:35:09.827Z ровер цикл фотографирования 1/2
2026-08-02T11:35:09.827Z ровер разворот 1/5: клетка=(5,2) yaw=0°
2026-08-02T11:35:09.827Z ровер SSH: source "/home/pi/sverk_rover/install/setup.zsh" && python3 "/home/pi/sverk_rover/tools/rover_control_client.py" --url "h...
2026-08-02T11:35:12.846Z ровер фото сохранено: gemm_rover_photo.jpg (217466 байт)
2026-08-02T11:35:12.846Z ровер VLM-анализ gemm_rover_photo.jpg...
2026-08-02T11:35:14.083Z ровер VLM ответ: ```json
{"finish_point": false, "coordinate": null}
```
2026-08-02T11:35:14.083Z ровер разворот 2/5: клетка=(5,2) yaw=315°
2026-08-02T11:35:14.083Z ровер SSH: source "/home/pi/sverk_rover/install/setup.zsh" && python3 "/home/pi/sverk_rover/tools/rover_control_client.py" --url "h...
2026-08-02T11:35:17.121Z ровер фото сохранено: gemm_rover_photo.jpg (217726 байт)
2026-08-02T11:35:17.121Z ровер VLM-анализ gemm_rover_photo.jpg...
2026-08-02T11:35:17.773Z ровер VLM ответ: ```json
{"finish_point": false, "coordinate": null}
```
2026-08-02T11:35:17.773Z ровер разворот 3/5: клетка=(5,2) yaw=270°
2026-08-02T11:35:17.773Z ровер SSH: source "/home/pi/sverk_rover/install/setup.zsh" && python3 "/home/pi/sverk_rover/tools/rover_control_client.py" --url "h...
2026-08-02T11:35:20.804Z ровер фото сохранено: gemm_rover_photo.jpg (217390 байт)
2026-08-02T11:35:20.804Z ровер VLM-анализ gemm_rover_photo.jpg...
2026-08-02T11:35:21.562Z ровер VLM ответ: ```json
{"finish_point": false, "coordinate": null}
```
2026-08-02T11:35:21.562Z ровер разворот 4/5: клетка=(5,2) yaw=225°
2026-08-02T11:35:21.562Z ровер SSH: source "/home/pi/sverk_rover/install/setup.zsh" && python3 "/home/pi/sverk_rover/tools/rover_control_client.py" --url "h...
2026-08-02T11:35:24.631Z ровер фото сохранено: gemm_rover_photo.jpg (215606 байт)
2026-08-02T11:35:24.631Z ровер VLM-анализ gemm_rover_photo.jpg...
2026-08-02T11:35:25.248Z ровер VLM ответ: {"finish_point": false, "coordinate": null}
2026-08-02T11:35:25.248Z ровер разворот 5/5: клетка=(5,2) yaw=180°
2026-08-02T11:35:25.249Z ровер SSH: source "/home/pi/sverk_rover/install/setup.zsh" && python3 "/home/pi/sverk_rover/tools/rover_control_client.py" --url "h...
2026-08-02T11:35:28.212Z ровер фото сохранено: gemm_rover_photo.jpg (216961 байт)
2026-08-02T11:35:28.213Z ровер VLM-анализ gemm_rover_photo.jpg...
2026-08-02T11:35:28.865Z ровер VLM ответ: ```json
{"finish_point": false, "coordinate": null}
```
2026-08-02T11:35:28.865Z ровер цикл фотографирования 2/2
2026-08-02T11:35:28.866Z ровер разворот 1/5: клетка=(5,2) yaw=0°
2026-08-02T11:35:28.866Z ровер SSH: source "/home/pi/sverk_rover/install/setup.zsh" && python3 "/home/pi/sverk_rover/tools/rover_control_client.py" --url "h...
2026-08-02T11:35:31.920Z ровер фото сохранено: gemm_rover_photo.jpg (216773 байт)
2026-08-02T11:35:31.920Z ровер VLM-анализ gemm_rover_photo.jpg...
2026-08-02T11:35:32.724Z ровер VLM ответ: ```json
{"finish_point": false, "coordinate": null}
```
2026-08-02T11:35:32.725Z ровер разворот 2/5: клетка=(5,2) yaw=315°
2026-08-02T11:35:32.725Z ровер SSH: source "/home/pi/sverk_rover/install/setup.zsh" && python3 "/home/pi/sverk_rover/tools/rover_control_client.py" --url "h...
2026-08-02T11:35:35.709Z ровер фото сохранено: gemm_rover_photo.jpg (216773 байт)
2026-08-02T11:35:35.709Z ровер VLM-анализ gemm_rover_photo.jpg...
2026-08-02T11:35:36.136Z ровер VLM ответ: ```json
{"finish_point": false, "coordinate": null}
```
2026-08-02T11:35:36.137Z ровер разворот 3/5: клетка=(5,2) yaw=270°
2026-08-02T11:35:36.137Z ровер SSH: source "/home/pi/sverk_rover/install/setup.zsh" && python3 "/home/pi/sverk_rover/tools/rover_control_client.py" --url "h...
2026-08-02T11:35:39.183Z ровер фото сохранено: gemm_rover_photo.jpg (216773 байт)
2026-08-02T11:35:39.183Z ровер VLM-анализ gemm_rover_photo.jpg...
2026-08-02T11:35:39.587Z ровер VLM ответ: ```json
{"finish_point": false, "coordinate": null}
```
2026-08-02T11:35:39.587Z ровер разворот 4/5: клетка=(5,2) yaw=225°
2026-08-02T11:35:39.587Z ровер SSH: source "/home/pi/sverk_rover/install/setup.zsh" && python3 "/home/pi/sverk_rover/tools/rover_control_client.py" --url "h...
2026-08-02T11:35:42.564Z ровер фото сохранено: gemm_rover_photo.jpg (217977 байт)
2026-08-02T11:35:42.565Z ровер VLM-анализ gemm_rover_photo.jpg...
2026-08-02T11:35:43.374Z ровер VLM ответ: {"finish_point": false, "coordinate": null}
2026-08-02T11:35:43.374Z ровер разворот 5/5: клетка=(5,2) yaw=180°
2026-08-02T11:35:43.375Z ровер SSH: source "/home/pi/sverk_rover/install/setup.zsh" && python3 "/home/pi/sverk_rover/tools/rover_control_client.py" --url "h...
2026-08-02T11:35:46.362Z ровер фото сохранено: gemm_rover_photo.jpg (218430 байт)
2026-08-02T11:35:46.362Z ровер VLM-анализ gemm_rover_photo.jpg...
2026-08-02T11:35:47.013Z ровер VLM ответ: ```json
{"finish_point": false, "coordinate": null}
```
2026-08-02T11:35:47.013Z ровер SSH: python3 "/home/pi/sverk_rover/tools/rover_control_client.py" --url "http://192.168.1.185:8767" goal-cell 5 2 --yaw 90 --...
2026-08-02T11:35:47.370Z ровер координата финиша не найдена, миссия завершена без финиша
2026-08-02T11:35:47.371Z ровер SSH закрыто
2026-08-02T11:35:47.371Z координатор ФАЗА 3 ЗАВЕРШЕНА
2026-08-02T11:35:47.372Z координатор ровер: финиш=не найден
2026-08-02T11:35:47.372Z координатор МИССИЯ ЗАВЕРШЕНА общее_время_сек=120.3 всего_событий=5
