2026-08-02T11:52:27.986Z координатор МИССИЯ ЗАПУЩЕНА
2026-08-02T11:52:27.986Z координатор дрон: 192.168.1.37, ровер: 192.168.1.185
2026-08-02T11:52:27.986Z координатор точки поиска: A1=(0.4, 4.425), E2=(1.205, 1.205)
2026-08-02T11:52:27.986Z координатор файл лога: /home/workerfit/PycharmProjects/BST_a26_st3/logs/mission_20260802_185227.log
2026-08-02T11:52:27.986Z координатор ФАЗА 1: ДРОН: ПОИСК ОБЪЕКТА + ПОСАДКА НА РОВЕР
2026-08-02T11:52:27.986Z координатор подключение к дрону 192.168.1.37...
2026-08-02T11:52:28.727Z координатор SSH-соединение с дроном установлено
2026-08-02T11:52:28.728Z координатор загрузка модели 5.2 МБ → дрон...
2026-08-02T11:52:29.187Z координатор модель загружена на дрон
2026-08-02T11:52:29.187Z координатор загрузка скрипта (21103 байт) на дрон...
2026-08-02T11:52:29.236Z координатор скрипт загружен
2026-08-02T11:52:29.236Z координатор установка параметров ArUco на дроне...
2026-08-02T11:52:30.570Z координатор ЗАПУСК БОРТОВОГО СКРИПТА ДРОНА
2026-08-02T11:52:30.570Z координатор ФАЗА 1: ПОИСК ОБЪЕКТА + ПОСАДКА НА РОВЕР
2026-08-02T11:53:47.062Z координатор ФАЗА 1 ЗАВЕРШЕНА
2026-08-02T11:53:47.222Z координатор файл скачан: cheburashka_detected.jpg
2026-08-02T11:53:47.253Z координатор файл скачан: vlm_result.json
2026-08-02T11:53:47.259Z координатор результат дрона: найдено=True, точка=(1.205, 1.205), посадка=FAIL
2026-08-02T11:53:47.260Z координатор миссия дрона завершена, время: 79 сек
2026-08-02T11:53:47.260Z координатор ФАЗА 1 ЗАВЕРШЕНА
2026-08-02T11:53:47.260Z координатор объект найден у точки E2 (1.205, 1.205)
2026-08-02T11:53:47.261Z координатор цель ровера: клетка (5, 2)
2026-08-02T11:53:47.261Z координатор посадка дрона: FAIL
2026-08-02T11:53:47.261Z дрон устойчивая_детекция id=1 доверие=0.98 кадров=1 точка=E2
2026-08-02T11:53:47.261Z дрон отправка_координат id=2 точка_цели=E2=(1.205, 1.205)
2026-08-02T11:53:47.261Z координатор ФАЗА 2: ОЖИДАНИЕ ПОСЛЕ ПОСАДКИ ДРОНА
2026-08-02T11:53:47.261Z координатор пауза 15 сек после посадки...
2026-08-02T11:54:02.277Z координатор пауза завершена
2026-08-02T11:54:02.277Z координатор ФАЗА 2 ЗАВЕРШЕНА
2026-08-02T11:54:02.277Z координатор ФАЗА 3: РОВЕР: ДВИЖЕНИЕ К ЦЕЛИ + ПОИСК ФИНИША
2026-08-02T11:54:02.278Z ровер приём_координат id=3 целевая_клетка=(5, 2)
2026-08-02T11:54:02.278Z ровер команда_движения id=4 клетка=(5, 2)
2026-08-02T11:54:02.278Z ровер старт_миссии id=5 цель=(5,2)
2026-08-02T11:54:02.744Z ровер SSH подключено: pi@192.168.1.185
2026-08-02T11:54:02.745Z ровер стартовый маршрут: initial-cell (6,1)
2026-08-02T11:54:02.745Z ровер SSH: source "/home/pi/sverk_rover/install/setup.zsh" && python3 "/home/pi/sverk_rover/tools/rover_control_client.py" --url "h...
2026-08-02T11:54:33.063Z ровер СЦЕНАРИЙ А: чепуха (5, 2)
2026-08-02T11:54:33.065Z ровер SSH: python3 "/home/pi/sverk_rover/tools/rover_control_client.py" --url "http://192.168.1.185:8767" goal-cell 6 2 --yaw 270 -...
2026-08-02T11:55:02.586Z ровер цикл фотографирования 1/2
2026-08-02T11:55:02.586Z ровер разворот 1/5: клетка=(5,2) yaw=0°
2026-08-02T11:55:02.586Z ровер SSH: source "/home/pi/sverk_rover/install/setup.zsh" && python3 "/home/pi/sverk_rover/tools/rover_control_client.py" --url "h...
2026-08-02T11:55:19.633Z ровер [PHOTO] попытка 1/5 не удалась: HTTP Error 503: Service Unavailable
2026-08-02T11:55:20.159Z ровер фото сохранено: gemm_rover_photo.jpg (100805 байт)
2026-08-02T11:55:20.159Z ровер VLM-анализ gemm_rover_photo.jpg...
2026-08-02T11:55:21.074Z ровер VLM ответ: ```json
{"finish_point": false, "coordinate": null}
```
2026-08-02T11:55:21.074Z ровер разворот 2/5: клетка=(5,2) yaw=315°
2026-08-02T11:55:21.074Z ровер SSH: source "/home/pi/sverk_rover/install/setup.zsh" && python3 "/home/pi/sverk_rover/tools/rover_control_client.py" --url "h...
2026-08-02T11:55:29.685Z ровер фото сохранено: gemm_rover_photo.jpg (86025 байт)
2026-08-02T11:55:29.685Z ровер VLM-анализ gemm_rover_photo.jpg...
2026-08-02T11:55:30.407Z ровер VLM ответ: ```json
{"finish_point": false, "coordinate": null}
```
2026-08-02T11:55:30.408Z ровер разворот 3/5: клетка=(5,2) yaw=270°
2026-08-02T11:55:30.408Z ровер SSH: source "/home/pi/sverk_rover/install/setup.zsh" && python3 "/home/pi/sverk_rover/tools/rover_control_client.py" --url "h...
2026-08-02T11:55:41.030Z ровер фото сохранено: gemm_rover_photo.jpg (92155 байт)
2026-08-02T11:55:41.030Z ровер VLM-анализ gemm_rover_photo.jpg...
2026-08-02T11:55:41.658Z ровер VLM ответ: ```json
{"finish_point": true, "coordinate": "6C"}
```
2026-08-02T11:55:41.658Z ровер VLM ошибка: invalid literal for int() with base 10: 'C'
2026-08-02T11:55:41.658Z ровер разворот 4/5: клетка=(5,2) yaw=225°
2026-08-02T11:55:41.658Z ровер SSH: source "/home/pi/sverk_rover/install/setup.zsh" && python3 "/home/pi/sverk_rover/tools/rover_control_client.py" --url "h...
2026-08-02T11:55:51.247Z ровер фото сохранено: gemm_rover_photo.jpg (88584 байт)
2026-08-02T11:55:51.247Z ровер VLM-анализ gemm_rover_photo.jpg...
2026-08-02T11:55:51.911Z ровер VLM ответ: ```json
{"finish_point": false, "coordinate": null}
```
2026-08-02T11:55:51.911Z ровер разворот 5/5: клетка=(5,2) yaw=180°
2026-08-02T11:55:51.912Z ровер SSH: source "/home/pi/sverk_rover/install/setup.zsh" && python3 "/home/pi/sverk_rover/tools/rover_control_client.py" --url "h...
2026-08-02T11:56:00.518Z ровер фото сохранено: gemm_rover_photo.jpg (92391 байт)
2026-08-02T11:56:00.518Z ровер VLM-анализ gemm_rover_photo.jpg...
2026-08-02T11:56:01.124Z ровер VLM ответ: ```json
{"finish_point": false, "coordinate": null}
```
2026-08-02T11:56:01.124Z ровер цикл фотографирования 2/2
2026-08-02T11:56:01.124Z ровер разворот 1/5: клетка=(5,2) yaw=0°
2026-08-02T11:56:01.124Z ровер SSH: source "/home/pi/sverk_rover/install/setup.zsh" && python3 "/home/pi/sverk_rover/tools/rover_control_client.py" --url "h...
2026-08-02T11:56:01.880Z ровер SSH закрыто
